[uithemez.com/i/andrew/home3.html]
[backblue.gif]
[fade.gif]
[index.html]
[uithemez.com/i/andrew/assets/imgs/favicon.ico]
[uithemez.com/i/andrew/assets/css/plugins.css]
[uithemez.com/i/andrew/assets/css/style.css]
[uithemez.com/i/andrew/assets/imgs/logo-light.png]
[uithemez.com/i/andrew/assets/imgs/header/b1.png]
[uithemez.com/i/andrew/assets/imgs/serv-img/1.png]
[uithemez.com/i/andrew/services.html]
[uithemez.com/i/andrew/assets/imgs/serv-img/2.png]
[uithemez.com/i/andrew/assets/imgs/serv-img/3.png]
[uithemez.com/i/andrew/assets/imgs/serv-img/4.png]
[uithemez.com/i/andrew/assets/imgs/header/profile.jpg]
[uithemez.com/i/andrew/assets/imgs/header/icon1.png]
[uithemez.com/i/andrew/assets/imgs/header/icon2.png]
[uithemez.com/i/andrew/assets/imgs/header/icon3.png]
[uithemez.com/i/andrew/assets/imgs/header/icon4.png]
[uithemez.com/i/andrew/assets/imgs/resume/s1.png]
[uithemez.com/i/andrew/assets/imgs/resume/s2.png]
[uithemez.com/i/andrew/assets/imgs/resume/s3.png]
[uithemez.com/i/andrew/assets/imgs/resume/s5.png]
[uithemez.com/i/andrew/assets/imgs/works/1.jpg]
[uithemez.com/i/andrew/project-details.html]
[uithemez.com/i/andrew/assets/imgs/works/2.jpg]
[uithemez.com/i/andrew/assets/imgs/works/3.jpg]
[uithemez.com/i/andrew/assets/imgs/works/4.jpg]
[uithemez.com/i/andrew/assets/imgs/works/6.jpg]
[uithemez.com/i/andrew/assets/imgs/works/5.jpg]
[uithemez.com/i/andrew/assets/imgs/testim/1.jpg]
[uithemez.com/i/andrew/assets/imgs/testim/2.jpg]
[uithemez.com/i/andrew/assets/imgs/testim/3.jpg]
[uithemez.com/i/andrew/contact.html]
[uithemez.com/i/andrew/assets/imgs/brands/b1.png]
[uithemez.com/i/andrew/assets/imgs/brands/b2.png]
[uithemez.com/i/andrew/assets/imgs/brands/b3.png]
[uithemez.com/i/andrew/assets/imgs/brands/b4.png]
[uithemez.com/i/andrew/assets/imgs/blog/1.jpg]
[uithemez.com/i/andrew/blog-details.html]
[uithemez.com/i/andrew/assets/imgs/blog/2.jpg]
[uithemez.com/i/andrew/assets/imgs/blog/3.jpg]
[uithemez.com/i/andrew/assets/js/jquery-3.6.0.min.js]
[uithemez.com/i/andrew/assets/js/jquery-migrate-3.4.0.min.js]
[uithemez.com/i/andrew/assets/js/plugins.js]
[uithemez.com/i/andrew/home3.html]
[uithemez.com/i/andrew/assets/js/scripts.js]
[uithemez.com/i/andrew/assets/css/plugins/bootstrap.min.css]
[uithemez.com/i/andrew/assets/css/plugins/animate.min.css]
[uithemez.com/i/andrew/assets/css/plugins/ionicons.min.css]
[uithemez.com/i/andrew/assets/css/plugins/pe-icon-7-stroke.css]
[uithemez.com/i/andrew/assets/css/plugins/fontawesome-all.min.css]
[uithemez.com/i/andrew/assets/css/plugins/justifiedGallery.min.css]
[uithemez.com/i/andrew/assets/css/plugins/magnific-popup.css]
[uithemez.com/i/andrew/assets/css/plugins/YouTubePopUp.css]
[uithemez.com/i/andrew/assets/css/plugins.css]
[uithemez.com/i/andrew/assets/css/plugins/swiper.min.css]
[uithemez.com/i/andrew/assets/imgs/patterns/noise1.png]
[uithemez.com/i/andrew/assets/imgs/header/lines.png]
[uithemez.com/i/andrew/assets/imgs/header/ptrn2.png]
[uithemez.com/i/andrew/assets/css/style.css]
[uithemez.com/i/andrew/home.html]
[uithemez.com/i/andrew/about.html]
[uithemez.com/i/andrew/portfolio.html]
[uithemez.com/i/andrew/services.html]
[uithemez.com/i/andrew/blogs.html]
[uithemez.com/i/andrew/assets/imgs/works/project/1.png]
[uithemez.com/i/andrew/assets/imgs/works/project/2.png]
[uithemez.com/i/andrew/project-details.html]
[uithemez.com/i/andrew/assets/js/ScrollTrigger.min.3e.delayed]
[uithemez.com/i/andrew/contact.html]
[uithemez.com/i/andrew/assets/imgs/blog/m.jpg]
[uithemez.com/i/andrew/assets/imgs/blog/b1.jpg]
[uithemez.com/i/andrew/assets/imgs/blog/b2.jpg]
[uithemez.com/i/andrew/assets/imgs/blog/author1.jpg]
[uithemez.com/i/andrew/blog-details.html]
[uithemez.com/i/andrew/assets/css/plugins/bootstrap.min.css]
[uithemez.com/i/andrew/assets/css/plugins/animate.min.css]
[uithemez.com/i/andrew/assets/fonts/ionicons28b5.eot]
[uithemez.com/i/andrew/assets/fonts/ionicons28b5.ttf]
[uithemez.com/i/andrew/assets/fonts/ionicons28b5.woff]
[uithemez.com/i/andrew/assets/fonts/ionicons28b5.svg]
[uithemez.com/i/andrew/assets/css/plugins/ionicons.min.css]
[uithemez.com/i/andrew/assets/fonts/Pe-icon-7-strokebb1d.eot]
[uithemez.com/i/andrew/assets/fonts/Pe-icon-7-stroked41d.eot]
[uithemez.com/i/andrew/assets/fonts/Pe-icon-7-strokebb1d.woff]
[uithemez.com/i/andrew/assets/fonts/Pe-icon-7-strokebb1d.ttf]
[uithemez.com/i/andrew/assets/fonts/Pe-icon-7-strokebb1d.svg]
[uithemez.com/i/andrew/assets/css/plugins/pe-icon-7-stroke.css]
[uithemez.com/i/andrew/assets/fonts/fa-brands-400.eot]
[uithemez.com/i/andrew/assets/fonts/fa-brands-400d41d.eot]
[uithemez.com/i/andrew/assets/fonts/fa-brands-400.woff]
[uithemez.com/i/andrew/assets/fonts/fa-brands-400.ttf]
[uithemez.com/i/andrew/assets/fonts/fa-brands-400.svg]
[uithemez.com/i/andrew/assets/fonts/fa-regular-400.eot]
[uithemez.com/i/andrew/assets/fonts/fa-regular-400d41d.eot]
[uithemez.com/i/andrew/assets/fonts/fa-regular-400.woff2]
[uithemez.com/i/andrew/assets/fonts/fa-regular-400.woff]
[uithemez.com/i/andrew/assets/fonts/fa-regular-400.ttf]
[uithemez.com/i/andrew/assets/fonts/fa-regular-400.svg]
[uithemez.com/i/andrew/assets/fonts/fa-solid-900.eot]
[uithemez.com/i/andrew/assets/fonts/fa-solid-900d41d.eot]
[uithemez.com/i/andrew/assets/fonts/fa-solid-900.woff2]
[uithemez.com/i/andrew/assets/fonts/fa-solid-900.woff]
[uithemez.com/i/andrew/assets/fonts/fa-solid-900.ttf]
[uithemez.com/i/andrew/assets/fonts/fa-solid-900.svg]
[uithemez.com/i/andrew/assets/css/plugins/fontawesome-all.min.css]
[uithemez.com/i/andrew/assets/css/plugins/justifiedGallery.min.css]
[uithemez.com/i/andrew/assets/css/plugins/magnific-popup.css]
[uithemez.com/i/andrew/assets/css/images/close.png]
[uithemez.com/i/andrew/assets/css/plugins/YouTubePopUp.css]
[uithemez.com/i/andrew/assets/css/plugins/swiper.min.css]
[uithemez.com/i/andrew/home.html]
[uithemez.com/i/andrew/assets/imgs/resume/s4.png]
[uithemez.com/i/andrew/about.html]
[uithemez.com/i/andrew/assets/imgs/works/7.jpg]
[uithemez.com/i/andrew/assets/imgs/works/8.jpg]
[uithemez.com/i/andrew/portfolio.html]
[uithemez.com/i/andrew/assets/imgs/blog/t1.jpg]
[uithemez.com/i/andrew/assets/imgs/blog/t2.jpg]
[uithemez.com/i/andrew/assets/imgs/blog/t3.jpg]
[uithemez.com/i/andrew/blogs]
[uithemez.com/i/andrew/blogs.html]
[uithemez.com/i/andrew/assets/js/ScrollTrigger.min.html]
[uithemez.com/i/andrew/assets/fonts/ionicons28b5.html]
[uithemez.com/i/andrew/assets/fonts/Pe-icon-7-strokebb1d.html]
[uithemez.com/i/andrew/assets/fonts/fa-brands-400.html]
[uithemez.com/i/andrew/assets/fonts/fa-regular-400.html]
[uithemez.com/i/andrew/assets/fonts/fa-solid-900.html]
[uithemez.com/i/andrew/assets/css/images/close.html]
[uithemez.com/i/andrew/assets/fonts/fa-brands-400.woff2]
[uithemez.com/i/andrew/assets/imgs/works/project/3.png]
[uithemez.com/i/andrew/blogs-2.html]
